
R version 3.0.1 (2013-05-16) -- "Good Sport"
Copyright (C) 2013 The R Foundation for Statistical Computing
Platform: i386-w64-mingw32/i386 (32-bit)

R is free software and comes with ABSOLUTELY NO WARRANTY.
You are welcome to redistribute it under certain conditions.
Type 'license()' or 'licence()' for distribution details.

  Natural language support but running in an English locale

R is a collaborative project with many contributors.
Type 'contributors()' for more information and
'citation()' on how to cite R or R packages in publications.

Type 'demo()' for some demos, 'help()' for on-line help, or
'help.start()' for an HTML browser interface to help.
Type 'q()' to quit R.

> pkgname <- "test0613"
> source(file.path(R.home("share"), "R", "examples-header.R"))
> options(warn = 1)
> options(pager = "console")
> library('test0613')
> 
> base::assign(".oldSearch", base::search(), pos = 'CheckExEnv')
> cleanEx()
> nameEx("mytestfun")
> ### * mytestfun
> 
> flush(stderr()); flush(stdout())
> 
> ### Name: mytestfun
> ### Title: hello
> ### Aliases: mytestfun
> ### Keywords: ~kwd1 ~kwd2
> 
> ### ** Examples
> 
> ##---- Should be DIRECTLY executable !! ----
> ##-- ==>  Define data, use random,
> ##--	or do  help(data=index)  for the standard data sets.
> 
> ## The function is currently defined as
> function (a, b) 
+ {
+     print(a)
+     print(b)
+     print(a + b)
+     return(a * b)
+   }
function (a, b) 
{
    print(a)
    print(b)
    print(a + b)
    return(a * b)
}
> 
> 
> 
> cleanEx()
> nameEx("result")
> ### * result
> 
> flush(stderr()); flush(stdout())
> 
> ### Name: result
> ### Title: hello_result
> ### Aliases: result
> ### Keywords: datasets
> 
> ### ** Examples
> 
> data(result)
Warning in data(result) : data set 'result' not found
> ## maybe str(result) ; plot(result) ...
> 
> 
> 
> ### * <FOOTER>
> ###
> options(digits = 7L)
> base::cat("Time elapsed: ", proc.time() - base::get("ptime", pos = 'CheckExEnv'),"\n")
Time elapsed:  0.22 0 0.22 NA NA 
> grDevices::dev.off()
null device 
          1 
> ###
> ### Local variables: ***
> ### mode: outline-minor ***
> ### outline-regexp: "\\(> \\)?### [*]+" ***
> ### End: ***
> quit('no')
